---
source: lib/warp-bin/tests/warp_bin_test.rs
expression: "run(&[\"warp\", \"workspace\", \"info\"])"
---
Name: "sample_project"
Workspace Root: "."

Global Warp Directories:
* Cache: "../_warp_home/cache/_user_warp-runner/cache"
* Rules: "../_warp_home/rules"
* Toolchains: "../_warp_home/toolchains"

Local Warp Directories:
* Outputs: "./.warp/outputs"
* Rules: "./.warp/rules"
* Sandbox: "./.warp/sandbox"
* Toolchains: "./.warp/toolchains"

# of Targets: 0

