---
source: tricorders/rust/tests/get_deps_tests.rs
expression: "format!(\"{:#?}\", & crates)"
---
[]
