---
source: tricorders/rust/tests/tree_splitter_tests.rs
expression: has_tests
---
false
