---
source: tricorders/rust/tests/tree_splitter_tests.rs
expression: deps
---
[
    "add_two",
    "assert_failed",
]
