---
source: lib/zap-bin/tests/zap_bin_test.rs
expression: "run(&[\"zap\", \"toolchains\", \"list-archives\"])"
---
Configured Toolchain Archives: 
* caramel:
  - url: https://github.com/AbstractMachinesLab/caramel/releases/download/v0.0.14/caramel-v0.0.14-x86_64-unknown-linux-gnu.tar.gz
  - hash: 41d5bbe3ab433f9fd7f2b201d721db381ec70587

* erlang:
  - url: https://github.com/erlang/otp/archive/OTP-23.2.1.tar.gz
  - hash: 7f51df795b26097cd333f22f80212f39362ee7c2


