---
source: lib/zap-bin/tests/zap_bin_test.rs
expression: "run(&[\"zap\", \"build\"])"
---
ğŸ”¨ Building workspace...
