---
source: lib/zap-bin/tests/zap_bin_test.rs
expression: "run(&[\"zap\", \"dep-graph\", \"print\", \"//...\"])"
---
digraph {
    0 [ label = "//b/c:my_archive"]
    1 [ label = "//b/c:lib"]
    2 [ label = "//b:rel"]
    3 [ label = "//b:b_app"]
    4 [ label = "//b:lib"]
    5 [ label = "//b:my_release"]
    6 [ label = "//a:a_app"]
    7 [ label = "//a:lib"]
    8 [ label = "//zap.build/test/toolchains:caramel"]
    9 [ label = "//zap.build/toolchains:erlang"]
    1 -> 0 [ ]
    3 -> 5 [ ]
    4 -> 1 [ ]
    4 -> 3 [ ]
    5 -> 2 [ ]
    6 -> 5 [ ]
    7 -> 0 [ ]
    7 -> 1 [ ]
    7 -> 4 [ ]
    7 -> 6 [ ]
    9 -> 1 [ ]
    9 -> 3 [ ]
    9 -> 4 [ ]
    9 -> 5 [ ]
    9 -> 6 [ ]
    9 -> 7 [ ]
}


