---
source: tests/tree_splitter_tests.rs
expression: "format!(\"{}\", & formatted)"
---

fn potato() -> bool {
    false
}
fn salad() -> bool {
    potato()
}
fn main() -> () {
    println!("Hello World!");
    salad();
}

