---
source: lib/warp-bin/tests/warp_bin_test.rs
expression: "run(&[\"warp\", \"build\", \"//a:lib\"])"
---
ğŸ”¨ Building //a:lib...
